
> rajesh-portfolio@0.0.0 build
> tsc -b && vite build

src/components/utils/initialFX.ts(1,27): error TS7016: Could not find a declaration file for module 'gsap-trial/SplitText'. 'E:/manoheet-portfolio/node_modules/gsap-trial/SplitText.js' implicitly has an 'any' type.
  Try `npm i --save-dev @types/gsap-trial` if it exists or add a new declaration (.d.ts) file containing `declare module 'gsap-trial/SplitText';`
src/components/utils/splitText.ts(1,1): error TS6133: 'gsap' is declared but its value is never read.
src/components/utils/splitText.ts(2,1): error TS6133: 'ScrollTrigger' is declared but its value is never read.
src/components/utils/splitText.ts(3,1): error TS6133: 'ScrollSmoother' is declared but its value is never read.
src/components/utils/splitText.ts(4,27): error TS7016: Could not find a declaration file for module 'gsap-trial/SplitText'. 'E:/manoheet-portfolio/node_modules/gsap-trial/SplitText.js' implicitly has an 'any' type.
  Try `npm i --save-dev @types/gsap-trial` if it exists or add a new declaration (.d.ts) file containing `declare module 'gsap-trial/SplitText';`
src/components/utils/splitText.ts(6,11): error TS6196: 'ParaElement' is declared but never used.
